<html>
  <head>
    <link rel="stylesheet" href="https://fonts.googleapis.com/css?family=Open+Sans:400,400italic,700">
    <link rel="icon" href="//cdn.example.com/stuff/favicon.ico">
    <link rel="apple-touch-icon" href="//cdn.example.com/stuff/apple-touch-icon.png">
    <style>
      body {
        background-image: url('//cdn.example.com/stuff/foo.jpg');
        background-image: url('//cdn.example.com/stuff/foo.jpg');
        background-image: url('//cdn.example.com/foo.jpg');
        background-image: url('//cdn.example.com/stuff/foo/bar.jpg');
      }
    </style>
  </head>

  <body>
    <h1>Hello</h1>
    <img something src="//cdn.example.com/stuff/img/bar.jpg" data-hiya data-food="crimson">
    <img something data-src="//cdn.example.com/stuff/img/bar.jpg" src="//cdn.example.com/stuff/img/foo.jpg" data-hiya data-food="crimson">

    <img src=//cdn.example.com/stuff/img/foo/lala.png foo=bar />
    <img truffles=/img/abc.jpg>
    <img ng-src=/img/foo/lala.png/>

    <img src="//cdn.example.com/stuff/img/blah.png" something=blah  > :)

    <script src="//cdn.example.com/stuff/js/hello.js"></script>
  </body>
</html>
